# Special level "Colosseum" in Test dungeon
#
# Created for Tome 3.2 on 31/10/11

%:special.txt

# Weak monster
F:w:1:0:*40
# Medium monster
F:m:1:0:*60
# Strong monster
F:s:1:0:*80
# Very strong monster
F:v:1:0:*100
F:e:1:0:*150

# Grass
F:;:89:3
# Flowers
F:,:199:3
# Treasure in tree
F:*:96:3:0:*
# Very strong in water
F:M:187:0:*150

D:XXXXXXXXXXXXXXXXXXXXXXXXXXXXXXXXXXXXXXXXXXXXXXXXXXXXXXXXXXXXXXXX
D:XXXXXXXXXXXXXXXXXXXXXXXXXXXXXXXXXXXXXXXXXXXXXXXXXXXXXXXXXXXXXXXX
D:XXXXXXXXXXXXXXXXXXXXXXXXXXXXXXeeeXXXXXXXXXXXXXXXX*****XXXXXXXXXX
D:XXXXXXXXXXXXXXXXXXXXXXXXXXXXXeeeeeXXXXXXXXXXXXXXTTTTTTT**XXXXXXX
D:XXXXXXXXXXXXXXXXXXXXXXXXXXXXXeeeeeXXXXXXXXXXXXXTT;TWWWTT***XXXXX
D:XXXXXXXXXXXXXXXXXXXXXXXXXXXXXXeeeXXXXXXXXXXXXXX;;;;WMWTTTT**XXXX
D:XXXXXXXXXXXXXXXXXXXXXXXXXvvvvXX.XXvvvvXXXXXXXX;;;;;WWW;;TTT*XXXX
D:XXXXXXXXXXXXXXXXXXXXXXXXvvevvv...vvvevvXXXXXX^^^;;;;;;;;;TXXXXXX
D:XXXXXXXXXXXXXXXXXXXXXXXXXvvvvXX.XXvvvvXXXXXX...^^^;;;;;XXXXXXXXX
D:XXXXXXXXXXXXXXXXXXXXXXXXXXXXXXX.XXXXXXX###X......^^XXXXXXXXXXXXX
D:XXXXXXXXXXXXXXXXXXXXXXXXXXXXXXXDXXXXXXX#X##.XXXXXIXXXXXXXXXXXXXX
D:XXXXXXXXXXXXXXXXXXXXXXXXXXXXXXX.XXXXXXX#XXXXXeeeeXXXXXXXXXXXXXXX
D:XXXXXXXXXXXXXXXXXXXXXXXXXXXXXX...XXXXXX##XXXXXXXXXXXXXXXXXXXXXXX
D:XXXXXXXXXXXXXXXXXXXXXXXXXXX.........XXXX#XX...XXXXXXXXXXXXXXXXXX
D:XXXXXXXXXXXXXXXXXXXXXXXXXX...........XXX#X....DwwwwwwXXXXXXXXXXX
D:XXXXXXXXXXXXXXXXXXXXXXXXX.............XX##....DwwwwwwXXXXXXXXXXX
D:XXXXXXXXXXmXXmXXmXXmXXXXX.............XXXX....XXXXXXXXXXXXXXXXXX
D:XXXXXmXXXXmXXmXXmXXmXXXXX.............XXXX....DwwwwwwXXXXXXXXXXX
D:XXXXXmmmD.............D.................D.....DwwwwwwXXXXXXXXXXX
D:XXXXXXXXXDDXXDXXDXX...D........e........D.....XXXXXXXXXXXXXXXXXX
D:XXXXXmmmD.............D.................D.....DwwwwwwXXXXXXXXXXX
D:XXXXXmXXXXmXXmXXmXXmXXXXX.............XXXX....DwwwwwwXXXXXXXXXXX
D:XXXXXXXXXXmXXmXXmXXmXXXXX.............XXXX....XXXXXXXXXXXXXXXXXX
D:XXXXXXXXXXXXXXXXXXXXXXXXX.............XXXX....DwwwwwwXXXXXXXXXXX
D:XXXXXXXXXXXXXXXXXXXXXXXXXX...........XXXXX....DwwwwwwXXXXXXXXXXX
D:XXXXXXXXXXXXXXXXXXXXXXXXXXX.........XXXXXXX...XXXXXXXXXXXXXXXXXX
D:XXXXXXXXXXXXXXXXXXXXXXXXXXXXXX...XXXXXXXXXXXXXXXXXXXXXXXXXXXXXXX
D:XXXXXXXXXXXXXXXXXXXXXXXXXXXXXXX.XXXXXXXXXXXXXXXXXXXXXXXXXXXXXXXX
D:XXXXXXXXXXXXXXXXXXXXXXXXXXXXXXXDXXXXXXXXXXXXXXXXXXXXXXXXXXXXXXXX
D:XXXXXXXXXXXXXXXXXXXXXXXXXXXXXXX.XXXXXXXXXXXXXXXXXXXXXXXXXXXXXXXX
D:XXXXXXXXXXXXXXXXXXXXXXXXXXXXXX...XXXXXXXXXXXXXXXXXXXXXXXXXXXXXXX
D:XXXXXXXXXXXXXXXXXXXXXXXXXXXXX.....XXXXXXXXXXXXXXXXXXXXXXXXXXXXXX
D:XXXXXXXXXXXXXXXXXXXXXXXXXXXXXX...XXXXXXXXXXXXXXXXXXXXXXXXXXXXXXX
D:XXXXXXXXXXXXXXXXXXXXXXXXXXXXXXXXXXXXXXXXXXXXXXXXXXXXXXXXXXXXXXXX
D:XXXXXXXXXXXXXXXXXXXXXXXXXXXXXXXXXXXXXXXXXXXXXXXXXXXXXXXXXXXXXXXX

### Starting Location
P:33:33
